warning: unused `#[macro_use]` import
 --> tests/actual_tests/dep_derive.rs:3:1
  |
3 | #[macro_use]
  | ^^^^^^^^^^^^
  |
  = note: `#[warn(unused_imports)]` on by default

warning: 1 warning emitted

