error[E0308]: mismatched types
 --> tests/actual_tests/error_above.rs:5:9
  |
5 |     add("42", 3);
  |     --- ^^^^ expected `usize`, found `&str`
  |     |
  |     arguments to this function are incorrect
  |
note: function defined here
 --> $DIR/tests/integrations/json-basic/src/lib.rs:1:8
  |
1 | pub fn add(left: usize, right: usize) -> usize {
  |        ^^^

error: aborting due to 1 previous error

For more information about this error, try `rustc --explain E0308`.
