error: unused variable: `x`
 --> tests/actual_tests/joined_above.rs:6:13
  |
6 |     let mut x = 0u32;
  |             ^ help: if this is intentional, prefix it with an underscore: `_x`
  |
note: the lint level is defined here
 --> tests/actual_tests/joined_above.rs:1:21
  |
1 | #![deny(unused_mut, unused_variables)]
  |                     ^^^^^^^^^^^^^^^^

error: variable does not need to be mutable
 --> tests/actual_tests/joined_above.rs:6:9
  |
6 |     let mut x = 0u32;
  |         ----^
  |         |
  |         help: remove this `mut`
  |
note: the lint level is defined here
 --> tests/actual_tests/joined_above.rs:1:9
  |
1 | #![deny(unused_mut, unused_variables)]
  |         ^^^^^^^^^^

error: aborting due to 2 previous errors

